caccessselect:modules/WholesaleTrading/view/AccessSelect.php:component
cwholesalecategoryselect:modules/WholesaleTrading/view/CategorySelect.php:ccategoryselect
module_wholesaletrading_cregisterform:modules/WholesaleTrading/view/RegisterForm.php:cregisterform
module_wholesaletrading_auth:modules/WholesaleTrading/kernel/Auth.php:auth
module_wholesaletrading_category:modules/WholesaleTrading/kernel/Category.php:category
globaldiscount:modules/WholesaleTrading/kernel/GlobalDiscount.php:base
module_wholesaletrading_order:modules/WholesaleTrading/kernel/Order.php:order
module_wholesaletrading_orderitem:modules/WholesaleTrading/kernel/OrderItem.php:orderitem
module_wholesaletrading_product:modules/WholesaleTrading/kernel/Product.php:product
productaccess:modules/WholesaleTrading/kernel/ProductAccess.php:base
module_wholesaletrading_profile:modules/WholesaleTrading/kernel/Profile.php:profile
purchaselimit:modules/WholesaleTrading/kernel/PurchaseLimit.php:base
module_wholesaletrading_taxrates:modules/WholesaleTrading/kernel/TaxRates.php:taxrates
wholesalepricing:modules/WholesaleTrading/kernel/WholesalePricing.php:base
module_wholesaletrading_dialog_cart:modules/WholesaleTrading/dialog/cart.php:module_wholesaletrading_dialog_cart_update
module_wholesaletrading_dialog_cart_update:modules/WholesaleTrading/dialog/cart_update.php:dialog_cart
module_wholesaletrading_dialog_category:modules/WholesaleTrading/dialog/category.php:dialog_category
module_wholesaletrading_dialog_checkout:modules/WholesaleTrading/dialog/checkout.php:dialog_checkout
module_wholesaletrading_dialog_checkoutsuccess:modules/WholesaleTrading/dialog/checkoutSuccess.php:dialog_checkoutsuccess
module_wholesaletrading_dialog_order:modules/WholesaleTrading/dialog/order.php:dialog_order
module_wholesaletrading_dialog_product:modules/WholesaleTrading/dialog/product.php:dialog_product
module_wholesaletrading_dialog_profile:modules/WholesaleTrading/dialog/profile.php:dialog_profile
module_wholesaletrading_dialog_search:modules/WholesaleTrading/dialog/search.php:dialog_search
module_wholesaletrading_widget:modules/WholesaleTrading/base/Widget.php:widget
module_wholesaletrading_admin_dialog_add_product:modules/WholesaleTrading/admin/dialog/add_product.php:admin_dialog_add_product
module_wholesaletrading_admin_dialog_export_catalog:modules/WholesaleTrading/admin/dialog/export_catalog.php:admin_dialog_export_catalog
admin_dialog_global_discount:modules/WholesaleTrading/admin/dialog/global_discount.php:admin_dialog
module_wholesaletrading_admin_dialog_import_catalog:modules/WholesaleTrading/admin/dialog/import_catalog.php:admin_dialog_import_catalog
module_wholesaletrading_admin_dialog_order:modules/WholesaleTrading/admin/dialog/order.php:admin_dialog_order
admin_dialog_price_list:modules/WholesaleTrading/admin/dialog/price_list.php:admin_dialog
module_wholesaletrading_admin_dialog_product:modules/WholesaleTrading/admin/dialog/product.php:admin_dialog_product
module_wholesaletrading_admin_dialog_profile:modules/WholesaleTrading/admin/dialog/profile.php:admin_dialog_profile
module_wholesaletrading_admin_dialog_taxes:modules/WholesaleTrading/admin/dialog/taxes.php:admin_dialog_taxes
module_wholesaletrading_admin_dialog_users:modules/WholesaleTrading/admin/dialog/users.php:admin_dialog_users
admin_dialog_wholesale:modules/WholesaleTrading/admin/dialog/wholesale.php:admin_dialog
module_wholesaletrading_wysiwygmediator:modules/WholesaleTrading/admin/WysiwygMediator.php:wysiwygmediator
module_wholesaletrading:modules/WholesaleTrading/WholesaleTrading.php:module
