cporequiredvalidator:modules/ProductOptions/validators/RequiredValidator.php:cfieldvalidator
module_productoptions_category:modules/ProductOptions/kernel/Category.php:category
optionexception:modules/ProductOptions/kernel/OptionException.php:base
optionvalidator:modules/ProductOptions/kernel/OptionValidator.php:base
module_productoptions_order:modules/ProductOptions/kernel/Order.php:order
module_productoptions_orderitem:modules/ProductOptions/kernel/OrderItem.php:orderitem
module_productoptions_product:modules/ProductOptions/kernel/Product.php:product
productoption:modules/ProductOptions/kernel/ProductOption.php:base
module_productoptions_dialog_cart:modules/ProductOptions/dialog/cart.php:dialog_cart
module_productoptions_dialog_product:modules/ProductOptions/dialog/product.php:dialog_product
module_productoptions_admin_dialog_add_product:modules/ProductOptions/admin/dialog/add_product.php:admin_dialog_add_product
module_productoptions_admin_dialog_export_catalog:modules/ProductOptions/admin/dialog/export_catalog.php:admin_dialog_export_catalog
admin_dialog_global_product_options:modules/ProductOptions/admin/dialog/global_product_options.php:admin_dialog
module_productoptions_admin_dialog_import_catalog:modules/ProductOptions/admin/dialog/import_catalog.php:admin_dialog_import_catalog
admin_dialog_inventory_tracking_option:modules/ProductOptions/admin/dialog/inventory_tracking_option.php:admin_dialog
module_productoptions_admin_dialog_order_list:modules/ProductOptions/admin/dialog/order_list.php:admin_dialog_order_list
module_productoptions_admin_dialog_product:modules/ProductOptions/admin/dialog/product.php:admin_dialog_product
module_productoptions:modules/ProductOptions/ProductOptions.php:module
