currency:modules/CardinalCommerce/kernel/Currency.php:base
https_cardinalcommerce:modules/CardinalCommerce/kernel/HTTPS.php:https
paymentmethod_authorizenet_cc_cardinalcommerce:modules/CardinalCommerce/kernel/PaymentMethod_authorizenet_cc.php:paymentmethod_authorizenet_cc
paymentmethod_netbilling_cc_cardinalcommerce:modules/CardinalCommerce/kernel/PaymentMethod_netbilling_cc.php:paymentmethod_netbilling_cc
paymentmethod_networkmerchants_cc_cardinalcommerce:modules/CardinalCommerce/kernel/PaymentMethod_networkmerchants_cc.php:paymentmethod_networkmerchants_cc
paymentmethod_payflowpro_cc_cardinalcommerce:modules/CardinalCommerce/kernel/PaymentMethod_payflowpro_cc.php:paymentmethod_payflowpro_cc
paymentmethod_verisign_cc_cardinalcommerce:modules/CardinalCommerce/kernel/PaymentMethod_verisign_cc.php:paymentmethod_verisign_cc
dialog_cc_info_popup:modules/CardinalCommerce/dialog/cc_info_popup.php:dialog
dialog_checkout_cardinalcommerce:modules/CardinalCommerce/dialog/checkout.php:dialog_checkout
admin_dialog_module_cardinalcommerce:modules/CardinalCommerce/admin/dialog/module.php:admin_dialog_module
module_cardinalcommerce:modules/CardinalCommerce/CardinalCommerce.php:module
