module_snsintegration_auth:modules/SnsIntegration/kernel/Auth.php:auth
module_snsintegration_cart:modules/SnsIntegration/kernel/Cart.php:cart
module_snsintegration_order:modules/SnsIntegration/kernel/Order.php:order
module_snsintegration_orderitem:modules/SnsIntegration/kernel/OrderItem.php:orderitem
module_snsintegration_dialog_advanced_search:modules/SnsIntegration/dialog/advanced_search.php:dialog_advanced_search
module_snsintegration_dialog_help:modules/SnsIntegration/dialog/help.php:dialog_help
module_snsintegration_dialog_product:modules/SnsIntegration/dialog/product.php:dialog_product
module_snsintegration_dialog_search:modules/SnsIntegration/dialog/search.php:dialog_search
admin_dialog_module_snsintegration:modules/SnsIntegration/admin/dialog/module.php:admin_dialog_module
admin_dialog_sns_integration:modules/SnsIntegration/admin/dialog/sns_integration.php:admin_dialog
module_snsintegration:modules/SnsIntegration/SnsIntegration.php:module
module_snsintegration_dialog:modules/SnsIntegration/dialog.php:dialog
