cbanner:modules/Affiliate/view/Banner.php:component
cpartnerfield:modules/Affiliate/view/PartnerField.php:component
cpartnerfieldvalidator:modules/Affiliate/view/PartnerFieldValidator.php:cfieldvalidator
module_affiliate_cregisterform:modules/Affiliate/view/PartnerRegisterForm.php:cregisterform
cpartnerselect:modules/Affiliate/view/PartnerSelect.php:component
crichbanner:modules/Affiliate/view/RichBanner.php:component
affiliateplan:modules/Affiliate/kernel/AffiliatePlan.php:base
module_affiliate_auth:modules/Affiliate/kernel/Auth.php:auth
banner:modules/Affiliate/kernel/Banner.php:base
bannerstats:modules/Affiliate/kernel/BannerStats.php:base
module_affiliate_order:modules/Affiliate/kernel/Order.php:order
module_affiliate_orderitem:modules/Affiliate/kernel/OrderItem.php:orderitem
partnerfield:modules/Affiliate/kernel/PartnerField.php:base
partnerpayment:modules/Affiliate/kernel/PartnerPayment.php:base
plancommission:modules/Affiliate/kernel/PlanCommission.php:base
module_affiliate_profile:modules/Affiliate/kernel/Profile.php:profile
dialog_banner:modules/Affiliate/dialog/banner.php:dialog
dialog_affiliate_help:modules/Affiliate/dialog/help.php:dialog_help
dialog_affiliate_image:modules/Affiliate/dialog/image.php:dialog_image
dialog_partner:modules/Affiliate/dialog/partner.php:partnerdialog
dialog_partner_affiliates:modules/Affiliate/dialog/partner_affiliates.php:partnerdialog
dialog_partner_banner_stats:modules/Affiliate/dialog/partner_banner_stats.php:partnerdialog
dialog_partner_banners:modules/Affiliate/dialog/partner_banners.php:partnerdialog
dialog_partner_login:modules/Affiliate/dialog/partner_login.php:dialog_login
dialog_partner_payments:modules/Affiliate/dialog/partner_payments.php:partnerdialog
dialog_partner_product:modules/Affiliate/dialog/partner_product.php:partnerdialog
dialog_partner_products:modules/Affiliate/dialog/partner_products.php:partnerdialog
dialog_partner_profile:modules/Affiliate/dialog/partner_profile.php:partnerdialog
dialog_partner_sales:modules/Affiliate/dialog/partner_sales.php:partnerdialog
dialog_partner_summary:modules/Affiliate/dialog/partner_summary.php:partnerdialog
dialog_product_banner:modules/Affiliate/dialog/product_banner.php:dialog
module_affiliate_dialog:modules/Affiliate/base/Dialog.php:dialog
partnerdialog:modules/Affiliate/base/PartnerDialog.php:dialog
admin_dialog_affiliate_plans:modules/Affiliate/admin/dialog/affiliate_plans.php:admin_dialog
admin_dialog_banner:modules/Affiliate/admin/dialog/banner.php:admin_dialog
admin_dialog_banner_stats:modules/Affiliate/admin/dialog/banner_stats.php:admin_dialog_partner_stats
admin_dialog_banners:modules/Affiliate/admin/dialog/banners.php:admin_dialog
admin_dialog_decline_partner:modules/Affiliate/admin/dialog/decline_partner.php:admin_dialog
module_affiliate_admin_dialog_module:modules/Affiliate/admin/dialog/module.php:admin_dialog_module
admin_dialog_partner_form:modules/Affiliate/admin/dialog/partner_form.php:admin_dialog
admin_dialog_partner_orders:modules/Affiliate/admin/dialog/partner_orders.php:admin_dialog
admin_dialog_partner_payments:modules/Affiliate/admin/dialog/partner_payments.php:admin_dialog
admin_dialog_partner_stats:modules/Affiliate/admin/dialog/partner_stats.php:admin_dialog
admin_dialog_partners:modules/Affiliate/admin/dialog/partners.php:admin_dialog
admin_dialog_partners_tree:modules/Affiliate/admin/dialog/partners_tree.php:admin_dialog_partner_stats
admin_dialog_plan_commissions:modules/Affiliate/admin/dialog/plan_commissions.php:admin_dialog
admin_dialog_sales_stats:modules/Affiliate/admin/dialog/sales_stats.php:admin_dialog_partner_stats
admin_dialog_top_performers:modules/Affiliate/admin/dialog/top_performers.php:admin_dialog_partner_stats
module_affiliate_admin_dialog_users:modules/Affiliate/admin/dialog/users.php:admin_dialog_users
module_affiliate:modules/Affiliate/Affiliate.php:module
