admin_dialog_ecommerce_reports:modules/EcommerceReports/admin/dialog/ecommerce_reports.php:admin_dialog_stats
admin_dialog_ecommerce_reports_data:modules/EcommerceReports/admin/dialog/ecommerce_reports_data.php:admin_dialog_sales_dynamics
admin_dialog_focused_audience:modules/EcommerceReports/admin/dialog/focused_audience.php:admin_dialog_ecommerce_reports
admin_dialog_general_stats:modules/EcommerceReports/admin/dialog/general_stats.php:admin_dialog_ecommerce_reports
admin_dialog_geographic_sales:modules/EcommerceReports/admin/dialog/geographic_sales.php:admin_dialog_product_sales
admin_dialog_product_sales:modules/EcommerceReports/admin/dialog/product_sales.php:admin_dialog_ecommerce_reports
admin_dialog_sales_dynamics:modules/EcommerceReports/admin/dialog/sales_dynamics.php:admin_dialog_ecommerce_reports
admin_dialog_sp_stats:modules/EcommerceReports/admin/dialog/sp_stats.php:admin_dialog_ecommerce_reports
module_ecommercereports:modules/EcommerceReports/EcommerceReports.php:module
