flexycompiler_demomode:modules/DemoMode/kernel/FlexyCompiler.php:flexycompiler
mailer_demomode:modules/DemoMode/kernel/Mailer.php:mailer
newsletter_demomode:modules/DemoMode/kernel/NewsLetter.php:newsletter
module_demomode_partnerdialog:modules/DemoMode/dialog/PartnerDialog.php:partnerdialog
module_demomode_dialog_login:modules/DemoMode/dialog/login.php:dialog_login
module_demomode_dialog_profile:modules/DemoMode/dialog/profile.php:dialog_profile
module_demomode_base:modules/DemoMode/base/Base.php:base
module_demomode_component:modules/DemoMode/base/Component.php:component
module_demomode_dialog:modules/DemoMode/base/Dialog.php:dialog
module_demomode_admin_dialog_categories:modules/DemoMode/admin/dialog/categories.php:admin_dialog_categories
module_demomode_admin_dialog_change_skin:modules/DemoMode/admin/dialog/change_skin.php:admin_dialog_change_skin
admin_dialog_demo_mode:modules/DemoMode/admin/dialog/demo_mode.php:admin_dialog
module_demomode_admin_dialog_login:modules/DemoMode/admin/dialog/login.php:admin_dialog_login
module_demomode_admin_dialog_module:modules/DemoMode/admin/dialog/module.php:admin_dialog_module
module_demomode_admin_dialog_scheme_manager:modules/DemoMode/admin/dialog/scheme_manager.php:admin_dialog_scheme_manager
module_demomode_ad_template_editor_layoutorganizer:modules/DemoMode/admin/dialog/template_editor.php:admin_dialog_template_editor_layoutorganizer
module_demomode:modules/DemoMode/DemoMode.php:module
