module_upsonlinetools_cregisterform:modules/UPSOnlineTools/view/RegisterForm.php:cregisterform
module_upsonlinetools_shipping_offline:modules/UPSOnlineTools/kernel/Shipping/offline.php:shipping_offline
module_upsonlinetools_shipping_online:modules/UPSOnlineTools/kernel/Shipping/online.php:shipping_online
shipping_ups:modules/UPSOnlineTools/kernel/Shipping/ups.php:shipping_online
container:modules/UPSOnlineTools/kernel/Container.php:object
containeritem:modules/UPSOnlineTools/kernel/ContainerItem.php:object
containerlevel:modules/UPSOnlineTools/kernel/ContainerLevel.php:object
https_upsonlinetools:modules/UPSOnlineTools/kernel/HTTPS.php:https
module_upsonlinetools_order:modules/UPSOnlineTools/kernel/Order.php:order
module_upsonlinetools_orderitem:modules/UPSOnlineTools/kernel/OrderItem.php:orderitem
packitem:modules/UPSOnlineTools/kernel/PackItem.php:object
module_upsonlinetools_product:modules/UPSOnlineTools/kernel/Product.php:product
subspace:modules/UPSOnlineTools/kernel/Subspace.php:object
module_upsonlinetools_xml:modules/UPSOnlineTools/kernel/XML.php:xml
module_upsonlinetools_dialog_cart:modules/UPSOnlineTools/dialog/cart.php:dialog_cart
module_upsonlinetools_dialog_checkout:modules/UPSOnlineTools/dialog/checkout.php:dialog_checkout
module_upsonlinetools_dialog_image:modules/UPSOnlineTools/dialog/image.php:dialog_image
module_upsonlinetools_dialog:modules/UPSOnlineTools/base/Dialog.php:dialog
modules_upsonlinetools_admin_dialog_order:modules/UPSOnlineTools/admin/dialog/order.php:admin_dialog_order
admin_dialog_popup_ups_online_tool:modules/UPSOnlineTools/admin/dialog/popup_ups_online_tool.php:admin_dialog_ups_online_tool
module_upsonlinetools_admin_dialog_product:modules/UPSOnlineTools/admin/dialog/product.php:admin_dialog_product
module_upsonlinetools_admin_dialog_shipping_settings:modules/UPSOnlineTools/admin/dialog/shipping_settings.php:admin_dialog_shipping_settings
admin_dialog_ups_config:modules/UPSOnlineTools/admin/dialog/ups_config.php:admin_dialog
admin_dialog_ups_online_tool:modules/UPSOnlineTools/admin/dialog/ups_online_tool.php:admin_dialog
module_upsonlinetools:modules/UPSOnlineTools/UPSOnlineTools.php:module
