module_flyoutcategories_auth:modules/FlyoutCategories/kernel/Auth.php:auth
flyoutcategories_category:modules/FlyoutCategories/kernel/Category.php:category
fcategoriesscheme:modules/FlyoutCategories/kernel/FCategoriesScheme.php:base
module_flyoutcategories_profile:modules/FlyoutCategories/kernel/Profile.php:profile
flyoutcategories_cimageupload:modules/FlyoutCategories/admin/view/ImageUpload.php:cimageupload
admin_dialog_categories_flyoutcategories:modules/FlyoutCategories/admin/dialog/categories.php:admin_dialog_categories
flyoutcategories_admin_dialog_category:modules/FlyoutCategories/admin/dialog/category.php:admin_dialog_category
admin_dialog_image_files_flyoutcategories:modules/FlyoutCategories/admin/dialog/image_files.php:admin_dialog_image_files
admin_dialog_module_flyoutcategories:modules/FlyoutCategories/admin/dialog/module.php:admin_dialog_module
admin_dialog_scheme_manager_flyoutcategories:modules/FlyoutCategories/admin/dialog/scheme_manager.php:admin_dialog_scheme_manager
admin_dialog_scheme_manager_fc:modules/FlyoutCategories/admin/dialog/scheme_manager_fc.php:admin_dialog_template_editor
admin_dialog_fc_template_popup:modules/FlyoutCategories/admin/dialog/template_popup.php:admin_dialog_template_editor
admin_dialog_flyoutcategories:modules/FlyoutCategories/admin/base/Dialog.php:admin_dialog
module_flyoutcategories:modules/FlyoutCategories/FlyoutCategories.php:module
