cpromotionmembershipvalidator:modules/Promotion/validators/PromotionMembershipValidator.php:crequiredvalidator
paymentmethod_bonus_points:modules/Promotion/kernel/PaymentMethod/bonus_points.php:paymentmethod
bonusprice:modules/Promotion/kernel/BonusPrice.php:base
module_promotion_cart:modules/Promotion/kernel/Cart.php:cart
module_promotion_category:modules/Promotion/kernel/Category.php:category
discountcoupon:modules/Promotion/kernel/DiscountCoupon.php:base
module_promotion_order:modules/Promotion/kernel/Order.php:order
module_promotion_orderitem:modules/Promotion/kernel/OrderItem.php:orderitem
module_promotion_product:modules/Promotion/kernel/Product.php:product
module_promotion_profile:modules/Promotion/kernel/Profile.php:profile
specialoffer:modules/Promotion/kernel/SpecialOffer.php:base
specialoffermembership:modules/Promotion/kernel/SpecialOfferMembership.php:base
specialofferproduct:modules/Promotion/kernel/SpecialOfferProduct.php:base
module_promotion_taxrates:modules/Promotion/kernel/TaxRates.php:taxrates
module_promotion_dialog_cart:modules/Promotion/dialog/cart.php:dialog_cart
module_promotion_dialog_checkout:modules/Promotion/dialog/checkout.php:dialog_checkout
module_promotion_widget:modules/Promotion/base/Widget.php:widget
admin_dialog_discountcoupons:modules/Promotion/admin/dialog/DiscountCoupons.php:admin_dialog
admin_dialog_specialoffer:modules/Promotion/admin/dialog/SpecialOffer.php:admin_dialog
admin_dialog_specialoffers:modules/Promotion/admin/dialog/SpecialOffers.php:admin_dialog
admin_dialog_discount_coupon:modules/Promotion/admin/dialog/discount_coupon.php:admin_dialog
admin_dialog_module_promotion:modules/Promotion/admin/dialog/module.php:admin_dialog_module
module_promotion_admin_dialog_taxes:modules/Promotion/admin/dialog/taxes.php:admin_dialog_taxes
module_promotion:modules/Promotion/Promotion.php:module
