downloadablefile:modules/Egoods/kernel/DownloadableFile.php:base
downloadablelink:modules/Egoods/kernel/DownloadableLink.php:base
downloadsstatistics:modules/Egoods/kernel/DownloadsStatistics.php:base
module_egoods_mailer:modules/Egoods/kernel/Mailer.php:mailer
module_egoods_order:modules/Egoods/kernel/Order.php:order
module_egoods_orderitem:modules/Egoods/kernel/OrderItem.php:orderitem
pincode:modules/Egoods/kernel/PinCode.php:base
pinsettings:modules/Egoods/kernel/PinSettings.php:base
module_egoods_product:modules/Egoods/kernel/Product.php:product
module_egoods_purchaselimit:modules/Egoods/kernel/PurchaseLimit.php:purchaselimit
module_egoods_dialog_checkout:modules/Egoods/dialog/checkout.php:dialog_checkout
dialog_download:modules/Egoods/dialog/download.php:dialog
admin_dialog_download_statistics:modules/Egoods/admin/dialog/download_statisics.php:admin_dialog_stats
module_egoods_admin_dialog_export_catalog:modules/Egoods/admin/dialog/export_catalog.php:admin_dialog_export_catalog
module_egoods_admin_dialog_import_catalog:modules/Egoods/admin/dialog/import_catalog.php:admin_dialog_import_catalog
module_egoods_admin_dialog_product:modules/Egoods/admin/dialog/product.php:admin_dialog_product
module_egoods_admin_dialog_stats:modules/Egoods/admin/dialog/stats.php:admin_dialog_stats
module_egoods:modules/Egoods/Egoods.php:module
