caddstatesinfo:modules/GiftCertificates/view/AddStatesInfo.php:widget
cecardselect:modules/GiftCertificates/view/CEcardSelect.php:component
cspambotarrest:modules/GiftCertificates/view/SpambotArrest.php:widget
cgcvalidator:modules/GiftCertificates/validators/GCValidator.php:cfieldvalidator
paymentmethod_gift_certificate:modules/GiftCertificates/kernel/PaymentMethod/gift_certificate.php:paymentmethod
ecard:modules/GiftCertificates/kernel/ECard.php:base
giftcertificate:modules/GiftCertificates/kernel/GiftCertificate.php:base,component
cecard:modules/GiftCertificates/kernel/GiftCertificate.php:base,component
module_giftcertificates_mailer:modules/GiftCertificates/kernel/Mailer.php:mailer
module_giftcertificates_order:modules/GiftCertificates/kernel/Order.php:order
module_giftcertificates_orderitem:modules/GiftCertificates/kernel/OrderItem.php:orderitem
module_giftcertificates_profile:modules/GiftCertificates/kernel/Profile.php:profile
module_giftcertificates_taxrates:modules/GiftCertificates/kernel/TaxRates.php:taxrates
dialog_add_gift_certificate:modules/GiftCertificates/dialog/add_gift_certificate.php:dialog
module_giftcertificates_dialog_cart:modules/GiftCertificates/dialog/cart.php:dialog_cart
dialog_check_gift_certificate:modules/GiftCertificates/dialog/check_gift_certificate.php:dialog
module_giftcertificates_dialog_checkout:modules/GiftCertificates/dialog/checkout.php:dialog_checkout
dialog_gift_certificate_ecards:modules/GiftCertificates/dialog/gift_certificate_ecards.php:dialog
dialog_gift_certificate_info:modules/GiftCertificates/dialog/gift_certificate_info.php:dialog
dialog_preview_ecard:modules/GiftCertificates/dialog/preview_ecard.php:dialog
admin_dialog_add_gift_certificate:modules/GiftCertificates/admin/dialog/add_gift_certificate.php:admin_dialog
admin_dialog_gift_certificate:modules/GiftCertificates/admin/dialog/gift_certificate.php:admin_dialog
admin_dialog_gift_certificate_ecard:modules/GiftCertificates/admin/dialog/gift_certificate_ecard.php:admin_dialog
admin_dialog_gift_certificate_ecards:modules/GiftCertificates/admin/dialog/gift_certificate_ecards.php:admin_dialog
admin_dialog_gift_certificate_select_ecard:modules/GiftCertificates/admin/dialog/gift_certificate_select_ecard.php:admin_dialog
admin_dialog_gift_certificates:modules/GiftCertificates/admin/dialog/gift_certificates.php:admin_dialog
admin_dialog_preview_ecard:modules/GiftCertificates/admin/dialog/preview_ecard.php:dialog_preview_ecard
module_giftcertificates_wysiwygmediator:modules/GiftCertificates/admin/WysiwygMediator.php:wysiwygmediator
module_giftcertificates:modules/GiftCertificates/GiftCertificates.php:module
