cbulletin:modules/Newsletters/view/Bulletin.php:component
module_newsletters_cregisterform:modules/Newsletters/view/RegisterForm.php:cregisterform
cnewslistvalidator:modules/Newsletters/validators/NewsListValidator.php:crequiredvalidator
module_newsletters_auth:modules/Newsletters/kernel/Auth.php:auth
newsletter:modules/Newsletters/kernel/NewsLetter.php:base
newslist:modules/Newsletters/kernel/NewsList.php:base
newssubscriber:modules/Newsletters/kernel/NewsSubscriber.php:base
dialog_news:modules/Newsletters/dialog/news.php:dialog
admin_dialog_module_newsletters:modules/Newsletters/admin/dialog/module.php:admin_dialog_module
admin_dialog_news_config:modules/Newsletters/admin/dialog/news_config.php:admin_dialog
admin_dialog_news_lists:modules/Newsletters/admin/dialog/news_lists.php:admin_dialog
admin_dialog_news_messages:modules/Newsletters/admin/dialog/news_messages.php:admin_dialog
admin_dialog_news_subscribers:modules/Newsletters/admin/dialog/news_subscribers.php:admin_dialog
module_newsletters:modules/Newsletters/Newsletters.php:module
