cnewarrivalsproducts:modules/ProductAdviser/view/CNewArrivalsProducts.php:component
crpaddtocart:modules/ProductAdviser/view/CRPAddToCart.php:cbutton
crecentliesproducts:modules/ProductAdviser/view/CRecentliesProducts.php:component
cpapager:modules/ProductAdviser/view/Pager.php:cpager
flexycompiler_productadviser:modules/ProductAdviser/kernel/FlexyCompiler.php:flexycompiler
inventory_productadviser:modules/ProductAdviser/kernel/Inventory.php:inventory
mailer_productadviser:modules/ProductAdviser/kernel/Mailer.php:mailer
customernotification:modules/ProductAdviser/kernel/Notification.php:base
order_productadviser:modules/ProductAdviser/kernel/Order.php:order
product_productadviser:modules/ProductAdviser/kernel/Product.php:product
productalsobuy:modules/ProductAdviser/kernel/ProductAlsoBuy.php:base
productnewarrivals:modules/ProductAdviser/kernel/ProductNewArrivals.php:base
productrecentlyviewed:modules/ProductAdviser/kernel/ProductRecentlyViewed.php:base
relatedproduct:modules/ProductAdviser/kernel/RelatedProduct.php:base
dialog_newarrivals:modules/ProductAdviser/dialog/NewArrivals.php:dialog
dialog_recentlyviewed:modules/ProductAdviser/dialog/RecentlyViewed.php:dialog
dialog_cart_productadviser:modules/ProductAdviser/dialog/cart.php:dialog_cart
dialog_category_productadviser:modules/ProductAdviser/dialog/category.php:dialog_category
dialog_login_productadviser:modules/ProductAdviser/dialog/login.php:dialog_login
dialog_main_productadviser:modules/ProductAdviser/dialog/main.php:dialog_main
dialog_notify_me:modules/ProductAdviser/dialog/notify_me.php:dialog
dialog_product_productadviser:modules/ProductAdviser/dialog/product.php:dialog_product
dialog_profile_productadviser:modules/ProductAdviser/dialog/profile.php:dialog_profile
widget_productadviser:modules/ProductAdviser/base/Widget.php:widget
admin_dialog_customernotifications:modules/ProductAdviser/admin/dialog/CustomerNotifications.php:admin_dialog
admin_dialog_module_productadviser:modules/ProductAdviser/admin/dialog/module.php:admin_dialog_module
admin_dialog_product_productadviser:modules/ProductAdviser/admin/dialog/product.php:admin_dialog_product
admin_dialog_product_list_productadviser:modules/ProductAdviser/admin/dialog/product_list.php:admin_dialog_product_list
module_productadviser:modules/ProductAdviser/ProductAdviser.php:module
