category_layoutorganizer:modules/LayoutOrganizer/kernel/Category.php:category
filenode_layoutorganizer:modules/LayoutOrganizer/kernel/FileNode.php:filenode
product_layoutorganizer:modules/LayoutOrganizer/kernel/Product.php:product
templatesscheme:modules/LayoutOrganizer/kernel/TemplatesScheme.php:base
dialog_category_layoutorganizer:modules/LayoutOrganizer/dialog/category.php:dialog_category
dialog_product_layoutorganizer:modules/LayoutOrganizer/dialog/product.php:dialog_product
admin_dialog_category_layoutorganizer:modules/LayoutOrganizer/admin/dialog/category.php:admin_dialog_category
admin_dialog_module_layoutorganizer:modules/LayoutOrganizer/admin/dialog/module.php:admin_dialog_module
admin_dialog_modules_layoutorganizer:modules/LayoutOrganizer/admin/dialog/modules.php:admin_dialog_modules
admin_dialog_product_layoutorganizer:modules/LayoutOrganizer/admin/dialog/product.php:admin_dialog_product
admin_dialog_scheme_manager:modules/LayoutOrganizer/admin/dialog/scheme_manager.php:admin_dialog_template_editor
admin_dialog_settings_layoutorganizer:modules/LayoutOrganizer/admin/dialog/settings.php:admin_dialog_settings
admin_dialog_template_editor_layoutorganizer:modules/LayoutOrganizer/admin/dialog/template_editor.php:admin_dialog_template_editor
admin_dialog_lo_template_popup:modules/LayoutOrganizer/admin/dialog/template_popup.php:admin_dialog_template_editor
admin_dialog_wysiwyg_layoutorganizer:modules/LayoutOrganizer/admin/dialog/wysiwyg.php:admin_dialog_wysiwyg
module_layoutorganizer:modules/LayoutOrganizer/LayoutOrganizer.php:module
